
> frontend@0.1.0 dev
> next dev

▲ Next.js 16.3.2 (Turbopack)
- Local:         http://localhost:3000
- Network:       http://172.20.10.3:3000
✓ Ready in 1261ms
✓ Running next.config.ts took 129ms

 GET /quiz 200 in 1721ms (next.js: 944ms, application-code: 777ms)
 GET /debate 200 in 1743ms (next.js: 1084ms, application-code: 659ms)
 GET /quiz 200 in 64ms (next.js: 6ms, application-code: 58ms)
✓ Compiled in 238ms
 GET /debate 200 in 157ms (next.js: 9ms, application-code: 147ms)
 GET /quiz 200 in 84ms (next.js: 18ms, application-code: 66ms)
 GET /quiz 200 in 171ms (next.js: 21ms, application-code: 150ms)
 GET /quiz 200 in 67ms (next.js: 6ms, application-code: 61ms)
 GET / 200 in 100ms (next.js: 65ms, application-code: 35ms)
 GET /login 200 in 1151ms (next.js: 1097ms, application-code: 54ms)
 GET /dashboard 200 in 3.2s (next.js: 3.1s, application-code: 88ms)
 GET /quiz 200 in 120ms (next.js: 36ms, application-code: 84ms)
 GET /quiz 200 in 144ms (next.js: 7ms, application-code: 137ms)
 GET /debate 200 in 141ms (next.js: 15ms, application-code: 126ms)
 GET /quiz 200 in 145ms (next.js: 8ms, application-code: 137ms)
 GET /courses 200 in 827ms (next.js: 801ms, application-code: 26ms)
✓ Compiled in 356ms
 GET /debate 200 in 527ms (next.js: 354ms, application-code: 173ms)
 GET /courses 200 in 538ms (next.js: 397ms, application-code: 141ms)
 GET /debate 200 in 189ms (next.js: 24ms, application-code: 165ms)
 GET /courses 200 in 258ms (next.js: 52ms, application-code: 206ms)
 GET /debate 200 in 185ms (next.js: 25ms, application-code: 161ms)
 GET /courses 200 in 187ms (next.js: 58ms, application-code: 129ms)
 GET /debate 200 in 180ms (next.js: 23ms, application-code: 157ms)
 GET /courses 200 in 186ms (next.js: 45ms, application-code: 141ms)
 GET /debate 200 in 192ms (next.js: 11ms, application-code: 181ms)
 GET /courses 200 in 267ms (next.js: 44ms, application-code: 223ms)
 GET /debate 200 in 206ms (next.js: 18ms, application-code: 187ms)
 GET /courses 200 in 238ms (next.js: 47ms, application-code: 191ms)
 GET /debate 200 in 240ms (next.js: 10ms, application-code: 230ms)
 GET /courses 200 in 248ms (next.js: 41ms, application-code: 206ms)
 GET /debate 200 in 221ms (next.js: 9ms, application-code: 211ms)
 GET /courses 200 in 233ms (next.js: 42ms, application-code: 191ms)
 GET /debate 200 in 195ms (next.js: 6ms, application-code: 189ms)
 GET /courses 200 in 248ms (next.js: 46ms, application-code: 202ms)
 GET /debate 200 in 201ms (next.js: 6ms, application-code: 195ms)
 GET /courses 200 in 170ms (next.js: 11ms, application-code: 159ms)
 GET /debate 200 in 171ms (next.js: 11ms, application-code: 160ms)
 GET /courses 200 in 194ms (next.js: 59ms, application-code: 135ms)
 GET /debate 200 in 143ms (next.js: 8ms, application-code: 135ms)
 GET /courses 200 in 199ms (next.js: 32ms, application-code: 166ms)
 GET /debate 200 in 178ms (next.js: 8ms, application-code: 170ms)
 GET /courses 200 in 203ms (next.js: 34ms, application-code: 169ms)
 GET /debate 200 in 175ms (next.js: 15ms, application-code: 161ms)
 GET /courses 200 in 195ms (next.js: 60ms, application-code: 135ms)
 GET /debate 200 in 139ms (next.js: 6ms, application-code: 133ms)
 GET /courses 200 in 165ms (next.js: 34ms, application-code: 131ms)
 GET /debate 200 in 135ms (next.js: 7ms, application-code: 128ms)
 GET /courses 200 in 152ms (next.js: 36ms, application-code: 116ms)
 GET /debate 200 in 116ms (next.js: 6ms, application-code: 110ms)
 GET /courses 200 in 143ms (next.js: 31ms, application-code: 112ms)
 GET /debate 200 in 122ms (next.js: 5ms, application-code: 117ms)
 GET /courses 200 in 126ms (next.js: 7ms, application-code: 119ms)
 GET /debate 200 in 124ms (next.js: 5ms, application-code: 119ms)
 GET /courses 200 in 127ms (next.js: 11ms, application-code: 116ms)
 GET /debate 200 in 127ms (next.js: 6ms, application-code: 121ms)
 GET /courses 200 in 128ms (next.js: 7ms, application-code: 121ms)
 GET /debate 200 in 126ms (next.js: 7ms, application-code: 119ms)
 GET /courses 200 in 129ms (next.js: 10ms, application-code: 119ms)
 GET /debate 200 in 124ms (next.js: 6ms, application-code: 118ms)
 GET /courses 200 in 122ms (next.js: 6ms, application-code: 117ms)
 GET /debate 200 in 134ms (next.js: 6ms, application-code: 128ms)
 GET /courses 200 in 130ms (next.js: 6ms, application-code: 124ms)
 GET /debate 200 in 127ms (next.js: 5ms, application-code: 122ms)
 GET /courses 200 in 130ms (next.js: 10ms, application-code: 120ms)
 GET /debate 200 in 126ms (next.js: 16ms, application-code: 111ms)
 GET /courses 200 in 138ms (next.js: 29ms, application-code: 109ms)
 GET /debate 200 in 115ms (next.js: 8ms, application-code: 107ms)
 GET /courses 200 in 130ms (next.js: 25ms, application-code: 104ms)
 GET /debate 200 in 136ms (next.js: 4ms, application-code: 132ms)
 GET /courses 200 in 165ms (next.js: 29ms, application-code: 136ms)
 GET /debate 200 in 158ms (next.js: 25ms, application-code: 134ms)
 GET /courses 200 in 142ms (next.js: 27ms, application-code: 115ms)
 GET /debate 200 in 154ms (next.js: 7ms, application-code: 147ms)
 GET /courses 200 in 189ms (next.js: 32ms, application-code: 157ms)
 GET /debate 200 in 159ms (next.js: 10ms, application-code: 150ms)
 GET /courses 200 in 181ms (next.js: 31ms, application-code: 150ms)
 GET /debate 200 in 167ms (next.js: 17ms, application-code: 151ms)
 GET /courses 200 in 186ms (next.js: 32ms, application-code: 154ms)
 GET /debate 200 in 173ms (next.js: 7ms, application-code: 166ms)
 GET /courses 200 in 219ms (next.js: 34ms, application-code: 184ms)
 GET /debate 200 in 231ms (next.js: 10ms, application-code: 221ms)
 GET /courses 200 in 245ms (next.js: 40ms, application-code: 205ms)
 GET /debate 200 in 272ms (next.js: 10ms, application-code: 262ms)
 GET /courses 200 in 280ms (next.js: 53ms, application-code: 227ms)
 GET /debate 200 in 238ms (next.js: 7ms, application-code: 231ms)
 GET /courses 200 in 220ms (next.js: 19ms, application-code: 202ms)
 GET /debate 200 in 210ms (next.js: 9ms, application-code: 201ms)
 GET /courses 200 in 184ms (next.js: 19ms, application-code: 164ms)
 GET /debate 200 in 164ms (next.js: 8ms, application-code: 157ms)
 GET /courses 200 in 152ms (next.js: 10ms, application-code: 142ms)
 GET /debate 200 in 142ms (next.js: 7ms, application-code: 135ms)
 GET /courses 200 in 143ms (next.js: 11ms, application-code: 132ms)
 GET /debate 200 in 167ms (next.js: 33ms, application-code: 134ms)
 GET /courses 200 in 146ms (next.js: 8ms, application-code: 138ms)
 GET /debate 200 in 172ms (next.js: 34ms, application-code: 138ms)
 GET /courses 200 in 139ms (next.js: 7ms, application-code: 133ms)
 GET /debate 200 in 164ms (next.js: 34ms, application-code: 130ms)
 GET /courses 200 in 131ms (next.js: 6ms, application-code: 125ms)
 GET /debate 200 in 153ms (next.js: 34ms, application-code: 119ms)
 GET /courses 200 in 122ms (next.js: 6ms, application-code: 116ms)
 GET /debate 200 in 122ms (next.js: 30ms, application-code: 92ms)
 GET /courses 200 in 120ms (next.js: 5ms, application-code: 115ms)
 GET /debate 200 in 142ms (next.js: 30ms, application-code: 112ms)
 GET /courses 200 in 135ms (next.js: 10ms, application-code: 126ms)
 GET /debate 200 in 135ms (next.js: 30ms, application-code: 105ms)
 GET /courses 200 in 175ms (next.js: 5ms, application-code: 170ms)
 GET /debate 200 in 228ms (next.js: 35ms, application-code: 193ms)
 GET /courses 200 in 171ms (next.js: 10ms, application-code: 161ms)
 GET /debate 200 in 171ms (next.js: 71ms, application-code: 100ms)
 GET /courses 200 in 127ms (next.js: 16ms, application-code: 111ms)
 GET /debate 200 in 128ms (next.js: 37ms, application-code: 91ms)
 GET /courses 200 in 122ms (next.js: 10ms, application-code: 111ms)
 GET /debate 200 in 122ms (next.js: 32ms, application-code: 89ms)
 GET /courses 200 in 135ms (next.js: 5ms, application-code: 130ms)
 GET /debate 200 in 171ms (next.js: 28ms, application-code: 143ms)
 GET /courses 200 in 158ms (next.js: 8ms, application-code: 150ms)
 GET /debate 200 in 183ms (next.js: 28ms, application-code: 155ms)
 GET /courses 200 in 144ms (next.js: 17ms, application-code: 126ms)
 GET /debate 200 in 159ms (next.js: 32ms, application-code: 127ms)
 GET /courses 200 in 95ms (next.js: 8ms, application-code: 87ms)
 GET /debate 200 in 90ms (next.js: 31ms, application-code: 59ms)
 GET /courses 200 in 36ms (next.js: 7ms, application-code: 29ms)
✓ Compiled in 297ms
 GET /courses 200 in 82ms (next.js: 17ms, application-code: 66ms)
 GET /debate 200 in 84ms (next.js: 46ms, application-code: 38ms)
 GET /courses 200 in 235ms (next.js: 4ms, application-code: 231ms)
 GET /courses 200 in 99ms (next.js: 4ms, application-code: 96ms)
 GET /courses 200 in 167ms (next.js: 7ms, application-code: 160ms)
 GET /courses 200 in 83ms (next.js: 7ms, application-code: 76ms)
 GET /courses 200 in 56ms (next.js: 5ms, application-code: 51ms)
✓ Compiled in 87ms
 GET /debate 200 in 165ms (next.js: 5ms, application-code: 159ms)
 GET /courses 200 in 121ms (next.js: 29ms, application-code: 92ms)
 GET /courses 200 in 121ms (next.js: 71ms, application-code: 51ms)
 GET /debate 200 in 38ms (next.js: 9ms, application-code: 29ms)
 GET /courses 200 in 54ms (next.js: 3ms, application-code: 51ms)
 GET /courses 200 in 41ms (next.js: 16ms, application-code: 25ms)
 GET /debate 200 in 96ms (next.js: 6ms, application-code: 90ms)
 GET /courses 200 in 58ms (next.js: 4ms, application-code: 55ms)
✓ Compiled in 145ms
 GET /courses 200 in 156ms (next.js: 25ms, application-code: 132ms)
 GET /courses 200 in 156ms (next.js: 78ms, application-code: 78ms)
 GET /debate 200 in 41ms (next.js: 7ms, application-code: 34ms)
 GET /courses 200 in 57ms (next.js: 4ms, application-code: 53ms)
 GET /courses 200 in 56ms (next.js: 3ms, application-code: 53ms)
 GET /courses 200 in 54ms (next.js: 4ms, application-code: 51ms)
 GET /quiz 200 in 75ms (next.js: 14ms, application-code: 61ms)
 GET /debate 200 in 49ms (next.js: 3ms, application-code: 46ms)
✓ Compiled in 137ms
 GET /courses 200 in 124ms (next.js: 10ms, application-code: 115ms)
 GET /courses 200 in 124ms (next.js: 32ms, application-code: 91ms)
 GET /debate 200 in 75ms (next.js: 17ms, application-code: 58ms)
 GET /quiz 200 in 72ms (next.js: 33ms, application-code: 39ms)
 GET /debate 200 in 53ms (next.js: 5ms, application-code: 48ms)
 GET / 200 in 33ms (next.js: 13ms, application-code: 20ms)
 GET /debate 200 in 41ms (next.js: 3ms, application-code: 38ms)
 GET /debate 200 in 53ms (next.js: 3ms, application-code: 50ms)
✓ Compiled in 248ms
 GET /debate 200 in 89ms (next.js: 16ms, application-code: 73ms)
 GET /quiz 200 in 69ms (next.js: 18ms, application-code: 50ms)
 GET /courses 200 in 66ms (next.js: 22ms, application-code: 44ms)
 GET /debate 200 in 68ms (next.js: 5ms, application-code: 63ms)
 GET /courses 200 in 59ms (next.js: 5ms, application-code: 54ms)
✓ Compiled in 184ms
✓ Compiled in 323ms
 GET /courses 200 in 656ms (next.js: 45ms, application-code: 611ms)
 GET /debate 200 in 682ms (next.js: 209ms, application-code: 473ms)
 GET /debate 200 in 366ms (next.js: 51ms, application-code: 315ms)
 GET /quiz 200 in 366ms (next.js: 112ms, application-code: 254ms)
 GET /courses 200 in 359ms (next.js: 166ms, application-code: 193ms)
✓ Compiled in 131ms
 GET /debate 200 in 300ms (next.js: 36ms, application-code: 264ms)
 GET /quiz 200 in 307ms (next.js: 129ms, application-code: 177ms)
 GET /debate 200 in 315ms (next.js: 77ms, application-code: 238ms)
 GET /courses 200 in 315ms (next.js: 107ms, application-code: 209ms)
 GET /courses 200 in 319ms (next.js: 197ms, application-code: 122ms)
✓ Compiled in 241ms
 GET /courses 200 in 503ms (next.js: 111ms, application-code: 392ms)
 GET /debate 200 in 538ms (next.js: 223ms, application-code: 315ms)
 GET /courses 200 in 537ms (next.js: 285ms, application-code: 252ms)
 GET /quiz 200 in 535ms (next.js: 328ms, application-code: 207ms)
 GET /debate 200 in 539ms (next.js: 387ms, application-code: 152ms)
 GET /courses 200 in 140ms (next.js: 7ms, application-code: 132ms)
✓ Compiled in 168ms
 GET /courses 200 in 367ms (next.js: 7ms, application-code: 361ms)
 GET /debate 200 in 290ms (next.js: 28ms, application-code: 262ms)
 GET /quiz 200 in 290ms (next.js: 79ms, application-code: 212ms)
 GET /courses 200 in 291ms (next.js: 167ms, application-code: 124ms)
✓ Compiled in 73ms
 GET /debate 200 in 177ms (next.js: 16ms, application-code: 161ms)
 GET /courses 200 in 138ms (next.js: 45ms, application-code: 93ms)
 GET /courses 200 in 133ms (next.js: 96ms, application-code: 38ms)
 GET /quiz 200 in 137ms (next.js: 78ms, application-code: 60ms)
 GET /quiz 200 in 51ms (next.js: 3ms, application-code: 48ms)
 GET /quiz 200 in 54ms (next.js: 3ms, application-code: 51ms)
 GET / 200 in 37ms (next.js: 9ms, application-code: 27ms)
 GET /quiz 200 in 94ms (next.js: 6ms, application-code: 87ms)
 GET /debate 200 in 84ms (next.js: 4ms, application-code: 80ms)
 GET /debate 200 in 87ms (next.js: 6ms, application-code: 81ms)
 GET /debate 200 in 60ms (next.js: 3ms, application-code: 57ms)
 GET /courses 200 in 55ms (next.js: 4ms, application-code: 51ms)
 GET /courses 200 in 58ms (next.js: 3ms, application-code: 55ms)
 GET / 200 in 89ms (next.js: 3ms, application-code: 86ms)
 GET /login 200 in 36ms (next.js: 12ms, application-code: 24ms)
 GET /debate 200 in 33ms (next.js: 6ms, application-code: 27ms)
 GET /login 200 in 28ms (next.js: 6ms, application-code: 22ms)
 GET /admin-dashboard 200 in 1323ms (next.js: 1285ms, application-code: 38ms)
 GET /dashboard 200 in 38ms (next.js: 14ms, application-code: 23ms)
 GET / 200 in 26ms (next.js: 7ms, application-code: 18ms)
 GET /login 200 in 29ms (next.js: 10ms, application-code: 20ms)
 GET /dashboard 200 in 21ms (next.js: 3ms, application-code: 17ms)
